2025-11-09 22:00:34
{
  "activeUsers": [],
  "totalActiveUsers": 0
}

2025-11-09 22:05:34
{
  "activeUsers": [
    {
      "id": 2,
      "displayName": "Joseph Michaud",
      "source": "Web UI from 127.0.0.1",
      "login": "joseph.michaud@smartbear.com",
      "lastLogin": "2025-11-09 22:00:43",
      "lastActivity": "2025-11-09 22:00:42"
    },
    {
      "id": 3,
      "displayName": "QAC01 Tester",
      "source": "Web UI from 127.0.0.1",
      "login": "joseph.michaud.qac01@gmail.com",
      "lastLogin": "2025-11-09 22:01:13",
      "lastActivity": "2025-11-09 22:01:13"
    },
    {
      "id": 4,
      "displayName": "QAC02 Tester",
      "source": "Web UI from 127.0.0.1",
      "login": "joseph.michaud.qac02@gmail.com",
      "lastLogin": "2025-11-09 22:02:03",
      "lastActivity": "2025-11-09 22:02:03"
    }
  ],
  "totalActiveUsers": 3
}

2025-11-09 22:10:34
{
  "activeUsers": [
    {
      "id": 2,
      "displayName": "Joseph Michaud",
      "source": "Web UI from 127.0.0.1",
      "login": "joseph.michaud@smartbear.com",
      "lastLogin": "2025-11-09 22:00:43",
      "lastActivity": "2025-11-09 22:05:44"
    },
    {
      "id": 3,
      "displayName": "QAC01 Tester",
      "source": "Web UI from 127.0.0.1",
      "login": "joseph.michaud.qac01@gmail.com",
      "lastLogin": "2025-11-09 22:01:13",
      "lastActivity": "2025-11-09 22:06:14"
    },
    {
      "id": 4,
      "displayName": "QAC02 Tester",
      "source": "Web UI from 127.0.0.1",
      "login": "joseph.michaud.qac02@gmail.com",
      "lastLogin": "2025-11-09 22:02:03",
      "lastActivity": "2025-11-09 22:07:03"
    }
  ],
  "totalActiveUsers": 3
}

2025-11-09 22:15:34
{
  "activeUsers": [
    {
      "id": 2,
      "displayName": "Joseph Michaud",
      "source": "Web UI from 127.0.0.1",
      "login": "joseph.michaud@smartbear.com",
      "lastLogin": "2025-11-09 22:00:43",
      "lastActivity": "2025-11-09 22:05:44"
    },
    {
      "id": 3,
      "displayName": "QAC01 Tester",
      "source": "Web UI from 127.0.0.1",
      "login": "joseph.michaud.qac01@gmail.com",
      "lastLogin": "2025-11-09 22:01:13",
      "lastActivity": "2025-11-09 22:06:14"
    },
    {
      "id": 4,
      "displayName": "QAC02 Tester",
      "source": "Web UI from 127.0.0.1",
      "login": "joseph.michaud.qac02@gmail.com",
      "lastLogin": "2025-11-09 22:02:03",
      "lastActivity": "2025-11-09 22:07:03"
    }
  ],
  "totalActiveUsers": 3
}

2025-11-09 22:20:34
{
  "activeUsers": [
    {
      "id": 2,
      "displayName": "Joseph Michaud",
      "source": "Web UI from 127.0.0.1",
      "login": "joseph.michaud@smartbear.com",
      "lastLogin": "2025-11-09 22:00:43",
      "lastActivity": "2025-11-09 22:05:44"
    },
    {
      "id": 3,
      "displayName": "QAC01 Tester",
      "source": "Web UI from 127.0.0.1",
      "login": "joseph.michaud.qac01@gmail.com",
      "lastLogin": "2025-11-09 22:01:13",
      "lastActivity": "2025-11-09 22:06:14"
    },
    {
      "id": 4,
      "displayName": "QAC02 Tester",
      "source": "Web UI from 127.0.0.1",
      "login": "joseph.michaud.qac02@gmail.com",
      "lastLogin": "2025-11-09 22:02:03",
      "lastActivity": "2025-11-09 22:07:03"
    }
  ],
  "totalActiveUsers": 3
}

2025-11-09 22:25:34
{
  "activeUsers": [
    {
      "id": 2,
      "displayName": "Joseph Michaud",
      "source": "Web UI from 127.0.0.1",
      "login": "joseph.michaud@smartbear.com",
      "lastLogin": "2025-11-09 22:00:43",
      "lastActivity": "2025-11-09 22:05:44"
    },
    {
      "id": 3,
      "displayName": "QAC01 Tester",
      "source": "Web UI from 127.0.0.1",
      "login": "joseph.michaud.qac01@gmail.com",
      "lastLogin": "2025-11-09 22:01:13",
      "lastActivity": "2025-11-09 22:06:14"
    },
    {
      "id": 4,
      "displayName": "QAC02 Tester",
      "source": "Web UI from 127.0.0.1",
      "login": "joseph.michaud.qac02@gmail.com",
      "lastLogin": "2025-11-09 22:02:03",
      "lastActivity": "2025-11-09 22:07:03"
    }
  ],
  "totalActiveUsers": 3
}

2025-11-09 22:30:34
{
  "activeUsers": [
    {
      "id": 2,
      "displayName": "Joseph Michaud",
      "source": "Web UI from 127.0.0.1",
      "login": "joseph.michaud@smartbear.com",
      "lastLogin": "2025-11-09 22:00:43",
      "lastActivity": "2025-11-09 22:05:44"
    },
    {
      "id": 3,
      "displayName": "QAC01 Tester",
      "source": "Web UI from 127.0.0.1",
      "login": "joseph.michaud.qac01@gmail.com",
      "lastLogin": "2025-11-09 22:01:13",
      "lastActivity": "2025-11-09 22:06:14"
    },
    {
      "id": 4,
      "displayName": "QAC02 Tester",
      "source": "Web UI from 127.0.0.1",
      "login": "joseph.michaud.qac02@gmail.com",
      "lastLogin": "2025-11-09 22:02:03",
      "lastActivity": "2025-11-09 22:07:03"
    }
  ],
  "totalActiveUsers": 3
}

2025-11-09 22:35:34
{
  "activeUsers": [
    {
      "id": 2,
      "displayName": "Joseph Michaud",
      "source": "Web UI from 127.0.0.1",
      "login": "joseph.michaud@smartbear.com",
      "lastLogin": "2025-11-09 22:00:43",
      "lastActivity": "2025-11-09 22:05:44"
    },
    {
      "id": 3,
      "displayName": "QAC01 Tester",
      "source": "Web UI from 127.0.0.1",
      "login": "joseph.michaud.qac01@gmail.com",
      "lastLogin": "2025-11-09 22:01:13",
      "lastActivity": "2025-11-09 22:06:14"
    },
    {
      "id": 4,
      "displayName": "QAC02 Tester",
      "source": "Web UI from 127.0.0.1",
      "login": "joseph.michaud.qac02@gmail.com",
      "lastLogin": "2025-11-09 22:02:03",
      "lastActivity": "2025-11-09 22:32:42"
    }
  ],
  "totalActiveUsers": 3
}

2025-11-09 22:40:34
{
  "activeUsers": [
    {
      "id": 2,
      "displayName": "Joseph Michaud",
      "source": "Web UI from 127.0.0.1",
      "login": "joseph.michaud@smartbear.com",
      "lastLogin": "2025-11-09 22:00:43",
      "lastActivity": "2025-11-09 22:05:44"
    },
    {
      "id": 3,
      "displayName": "QAC01 Tester",
      "source": "Web UI from 127.0.0.1",
      "login": "joseph.michaud.qac01@gmail.com",
      "lastLogin": "2025-11-09 22:01:13",
      "lastActivity": "2025-11-09 22:06:14"
    },
    {
      "id": 4,
      "displayName": "QAC02 Tester",
      "source": "Web UI from 127.0.0.1",
      "login": "joseph.michaud.qac02@gmail.com",
      "lastLogin": "2025-11-09 22:02:03",
      "lastActivity": "2025-11-09 22:32:42"
    }
  ],
  "totalActiveUsers": 3
}

2025-11-09 22:45:34
{
  "activeUsers": [
    {
      "id": 2,
      "displayName": "Joseph Michaud",
      "source": "Web UI from 127.0.0.1",
      "login": "joseph.michaud@smartbear.com",
      "lastLogin": "2025-11-09 22:00:43",
      "lastActivity": "2025-11-09 22:05:44"
    },
    {
      "id": 3,
      "displayName": "QAC01 Tester",
      "source": "Web UI from 127.0.0.1",
      "login": "joseph.michaud.qac01@gmail.com",
      "lastLogin": "2025-11-09 22:01:13",
      "lastActivity": "2025-11-09 22:06:14"
    },
    {
      "id": 4,
      "displayName": "QAC02 Tester",
      "source": "Web UI from 127.0.0.1",
      "login": "joseph.michaud.qac02@gmail.com",
      "lastLogin": "2025-11-09 22:02:03",
      "lastActivity": "2025-11-09 22:32:42"
    }
  ],
  "totalActiveUsers": 3
}

2025-11-09 22:50:34
{
  "activeUsers": [
    {
      "id": 2,
      "displayName": "Joseph Michaud",
      "source": "Web UI from 127.0.0.1",
      "login": "joseph.michaud@smartbear.com",
      "lastLogin": "2025-11-09 22:00:43",
      "lastActivity": "2025-11-09 22:05:44"
    },
    {
      "id": 3,
      "displayName": "QAC01 Tester",
      "source": "Web UI from 127.0.0.1",
      "login": "joseph.michaud.qac01@gmail.com",
      "lastLogin": "2025-11-09 22:01:13",
      "lastActivity": "2025-11-09 22:06:14"
    },
    {
      "id": 4,
      "displayName": "QAC02 Tester",
      "source": "Web UI from 127.0.0.1",
      "login": "joseph.michaud.qac02@gmail.com",
      "lastLogin": "2025-11-09 22:02:03",
      "lastActivity": "2025-11-09 22:32:42"
    }
  ],
  "totalActiveUsers": 3
}

2025-11-09 22:55:34
{
  "activeUsers": [
    {
      "id": 2,
      "displayName": "Joseph Michaud",
      "source": "Web UI from 127.0.0.1",
      "login": "joseph.michaud@smartbear.com",
      "lastLogin": "2025-11-09 22:00:43",
      "lastActivity": "2025-11-09 22:05:44"
    },
    {
      "id": 3,
      "displayName": "QAC01 Tester",
      "source": "Web UI from 127.0.0.1",
      "login": "joseph.michaud.qac01@gmail.com",
      "lastLogin": "2025-11-09 22:01:13",
      "lastActivity": "2025-11-09 22:06:14"
    },
    {
      "id": 4,
      "displayName": "QAC02 Tester",
      "source": "Web UI from 127.0.0.1",
      "login": "joseph.michaud.qac02@gmail.com",
      "lastLogin": "2025-11-09 22:02:03",
      "lastActivity": "2025-11-09 22:32:42"
    }
  ],
  "totalActiveUsers": 3
}

2025-11-09 23:00:34
{
  "activeUsers": [
    {
      "id": 2,
      "displayName": "Joseph Michaud",
      "source": "Web UI from 127.0.0.1",
      "login": "joseph.michaud@smartbear.com",
      "lastLogin": "2025-11-09 22:00:43",
      "lastActivity": "2025-11-09 22:05:44"
    },
    {
      "id": 3,
      "displayName": "QAC01 Tester",
      "source": "Web UI from 127.0.0.1",
      "login": "joseph.michaud.qac01@gmail.com",
      "lastLogin": "2025-11-09 22:01:13",
      "lastActivity": "2025-11-09 22:06:14"
    },
    {
      "id": 4,
      "displayName": "QAC02 Tester",
      "source": "Web UI from 127.0.0.1",
      "login": "joseph.michaud.qac02@gmail.com",
      "lastLogin": "2025-11-09 22:02:03",
      "lastActivity": "2025-11-09 22:57:43"
    }
  ],
  "totalActiveUsers": 3
}

2025-11-09 23:05:34
{
  "activeUsers": [
    {
      "id": 2,
      "displayName": "Joseph Michaud",
      "source": "Web UI from 127.0.0.1",
      "login": "joseph.michaud@smartbear.com",
      "lastLogin": "2025-11-09 22:00:43",
      "lastActivity": "2025-11-09 22:05:44"
    },
    {
      "id": 3,
      "displayName": "QAC01 Tester",
      "source": "Web UI from 127.0.0.1",
      "login": "joseph.michaud.qac01@gmail.com",
      "lastLogin": "2025-11-09 22:01:13",
      "lastActivity": "2025-11-09 22:06:14"
    },
    {
      "id": 4,
      "displayName": "QAC02 Tester",
      "source": "Web UI from 127.0.0.1",
      "login": "joseph.michaud.qac02@gmail.com",
      "lastLogin": "2025-11-09 22:02:03",
      "lastActivity": "2025-11-09 22:57:43"
    }
  ],
  "totalActiveUsers": 3
}

2025-11-09 23:10:34
{
  "activeUsers": [
    {
      "id": 2,
      "displayName": "Joseph Michaud",
      "source": "Web UI from 127.0.0.1",
      "login": "joseph.michaud@smartbear.com",
      "lastLogin": "2025-11-09 22:00:43",
      "lastActivity": "2025-11-09 22:05:44"
    },
    {
      "id": 3,
      "displayName": "QAC01 Tester",
      "source": "Web UI from 127.0.0.1",
      "login": "joseph.michaud.qac01@gmail.com",
      "lastLogin": "2025-11-09 22:01:13",
      "lastActivity": "2025-11-09 22:06:14"
    },
    {
      "id": 4,
      "displayName": "QAC02 Tester",
      "source": "Web UI from 127.0.0.1",
      "login": "joseph.michaud.qac02@gmail.com",
      "lastLogin": "2025-11-09 22:02:03",
      "lastActivity": "2025-11-09 22:57:43"
    }
  ],
  "totalActiveUsers": 3
}

2025-11-09 23:15:35
{
  "activeUsers": [
    {
      "id": 2,
      "displayName": "Joseph Michaud",
      "source": "Web UI from 127.0.0.1",
      "login": "joseph.michaud@smartbear.com",
      "lastLogin": "2025-11-09 22:00:43",
      "lastActivity": "2025-11-09 22:05:44"
    },
    {
      "id": 3,
      "displayName": "QAC01 Tester",
      "source": "Web UI from 127.0.0.1",
      "login": "joseph.michaud.qac01@gmail.com",
      "lastLogin": "2025-11-09 22:01:13",
      "lastActivity": "2025-11-09 22:06:14"
    },
    {
      "id": 4,
      "displayName": "QAC02 Tester",
      "source": "Web UI from 127.0.0.1",
      "login": "joseph.michaud.qac02@gmail.com",
      "lastLogin": "2025-11-09 22:02:03",
      "lastActivity": "2025-11-09 22:57:43"
    }
  ],
  "totalActiveUsers": 3
}

2025-11-09 23:20:35
{
  "activeUsers": [
    {
      "id": 2,
      "displayName": "Joseph Michaud",
      "source": "Web UI from 127.0.0.1",
      "login": "joseph.michaud@smartbear.com",
      "lastLogin": "2025-11-09 22:00:43",
      "lastActivity": "2025-11-09 22:05:44"
    },
    {
      "id": 3,
      "displayName": "QAC01 Tester",
      "source": "Web UI from 127.0.0.1",
      "login": "joseph.michaud.qac01@gmail.com",
      "lastLogin": "2025-11-09 22:01:13",
      "lastActivity": "2025-11-09 22:06:14"
    },
    {
      "id": 4,
      "displayName": "QAC02 Tester",
      "source": "Web UI from 127.0.0.1",
      "login": "joseph.michaud.qac02@gmail.com",
      "lastLogin": "2025-11-09 22:02:03",
      "lastActivity": "2025-11-09 22:57:43"
    }
  ],
  "totalActiveUsers": 3
}

2025-11-09 23:25:35
{
  "activeUsers": [
    {
      "id": 2,
      "displayName": "Joseph Michaud",
      "source": "Web UI from 127.0.0.1",
      "login": "joseph.michaud@smartbear.com",
      "lastLogin": "2025-11-09 22:00:43",
      "lastActivity": "2025-11-09 22:05:44"
    },
    {
      "id": 3,
      "displayName": "QAC01 Tester",
      "source": "Web UI from 127.0.0.1",
      "login": "joseph.michaud.qac01@gmail.com",
      "lastLogin": "2025-11-09 22:01:13",
      "lastActivity": "2025-11-09 22:06:14"
    },
    {
      "id": 4,
      "displayName": "QAC02 Tester",
      "source": "Web UI from 127.0.0.1",
      "login": "joseph.michaud.qac02@gmail.com",
      "lastLogin": "2025-11-09 22:02:03",
      "lastActivity": "2025-11-09 23:22:43"
    }
  ],
  "totalActiveUsers": 3
}

2025-11-09 23:30:35
{
  "activeUsers": [
    {
      "id": 2,
      "displayName": "Joseph Michaud",
      "source": "Web UI from 127.0.0.1",
      "login": "joseph.michaud@smartbear.com",
      "lastLogin": "2025-11-09 22:00:43",
      "lastActivity": "2025-11-09 22:05:44"
    },
    {
      "id": 3,
      "displayName": "QAC01 Tester",
      "source": "Web UI from 127.0.0.1",
      "login": "joseph.michaud.qac01@gmail.com",
      "lastLogin": "2025-11-09 22:01:13",
      "lastActivity": "2025-11-09 22:06:14"
    },
    {
      "id": 4,
      "displayName": "QAC02 Tester",
      "source": "Web UI from 127.0.0.1",
      "login": "joseph.michaud.qac02@gmail.com",
      "lastLogin": "2025-11-09 22:02:03",
      "lastActivity": "2025-11-09 23:22:43"
    }
  ],
  "totalActiveUsers": 3
}

2025-11-09 23:35:35
{
  "activeUsers": [
    {
      "id": 2,
      "displayName": "Joseph Michaud",
      "source": "Web UI from 127.0.0.1",
      "login": "joseph.michaud@smartbear.com",
      "lastLogin": "2025-11-09 22:00:43",
      "lastActivity": "2025-11-09 22:05:44"
    },
    {
      "id": 3,
      "displayName": "QAC01 Tester",
      "source": "Web UI from 127.0.0.1",
      "login": "joseph.michaud.qac01@gmail.com",
      "lastLogin": "2025-11-09 22:01:13",
      "lastActivity": "2025-11-09 22:06:14"
    },
    {
      "id": 4,
      "displayName": "QAC02 Tester",
      "source": "Web UI from 127.0.0.1",
      "login": "joseph.michaud.qac02@gmail.com",
      "lastLogin": "2025-11-09 22:02:03",
      "lastActivity": "2025-11-09 23:22:43"
    }
  ],
  "totalActiveUsers": 3
}

2025-11-09 23:40:35
{
  "activeUsers": [
    {
      "id": 2,
      "displayName": "Joseph Michaud",
      "source": "Web UI from 127.0.0.1",
      "login": "joseph.michaud@smartbear.com",
      "lastLogin": "2025-11-09 22:00:43",
      "lastActivity": "2025-11-09 22:05:44"
    },
    {
      "id": 3,
      "displayName": "QAC01 Tester",
      "source": "Web UI from 127.0.0.1",
      "login": "joseph.michaud.qac01@gmail.com",
      "lastLogin": "2025-11-09 22:01:13",
      "lastActivity": "2025-11-09 22:06:14"
    },
    {
      "id": 4,
      "displayName": "QAC02 Tester",
      "source": "Web UI from 127.0.0.1",
      "login": "joseph.michaud.qac02@gmail.com",
      "lastLogin": "2025-11-09 22:02:03",
      "lastActivity": "2025-11-09 23:22:43"
    }
  ],
  "totalActiveUsers": 3
}

2025-11-09 23:45:35
{
  "activeUsers": [
    {
      "id": 2,
      "displayName": "Joseph Michaud",
      "source": "Web UI from 127.0.0.1",
      "login": "joseph.michaud@smartbear.com",
      "lastLogin": "2025-11-09 22:00:43",
      "lastActivity": "2025-11-09 22:05:44"
    },
    {
      "id": 3,
      "displayName": "QAC01 Tester",
      "source": "Web UI from 127.0.0.1",
      "login": "joseph.michaud.qac01@gmail.com",
      "lastLogin": "2025-11-09 22:01:13",
      "lastActivity": "2025-11-09 22:06:14"
    },
    {
      "id": 4,
      "displayName": "QAC02 Tester",
      "source": "Web UI from 127.0.0.1",
      "login": "joseph.michaud.qac02@gmail.com",
      "lastLogin": "2025-11-09 22:02:03",
      "lastActivity": "2025-11-09 23:22:43"
    }
  ],
  "totalActiveUsers": 3
}

2025-11-09 23:50:35
{
  "activeUsers": [
    {
      "id": 2,
      "displayName": "Joseph Michaud",
      "source": "Web UI from 127.0.0.1",
      "login": "joseph.michaud@smartbear.com",
      "lastLogin": "2025-11-09 22:00:43",
      "lastActivity": "2025-11-09 22:05:44"
    },
    {
      "id": 3,
      "displayName": "QAC01 Tester",
      "source": "Web UI from 127.0.0.1",
      "login": "joseph.michaud.qac01@gmail.com",
      "lastLogin": "2025-11-09 22:01:13",
      "lastActivity": "2025-11-09 22:06:14"
    },
    {
      "id": 4,
      "displayName": "QAC02 Tester",
      "source": "Web UI from 127.0.0.1",
      "login": "joseph.michaud.qac02@gmail.com",
      "lastLogin": "2025-11-09 22:02:03",
      "lastActivity": "2025-11-09 23:47:43"
    }
  ],
  "totalActiveUsers": 3
}

2025-11-09 23:55:35
{
  "activeUsers": [
    {
      "id": 2,
      "displayName": "Joseph Michaud",
      "source": "Web UI from 127.0.0.1",
      "login": "joseph.michaud@smartbear.com",
      "lastLogin": "2025-11-09 22:00:43",
      "lastActivity": "2025-11-09 22:05:44"
    },
    {
      "id": 3,
      "displayName": "QAC01 Tester",
      "source": "Web UI from 127.0.0.1",
      "login": "joseph.michaud.qac01@gmail.com",
      "lastLogin": "2025-11-09 22:01:13",
      "lastActivity": "2025-11-09 22:06:14"
    },
    {
      "id": 4,
      "displayName": "QAC02 Tester",
      "source": "Web UI from 127.0.0.1",
      "login": "joseph.michaud.qac02@gmail.com",
      "lastLogin": "2025-11-09 22:02:03",
      "lastActivity": "2025-11-09 23:47:43"
    }
  ],
  "totalActiveUsers": 3
}

2025-11-10 00:00:35
{
  "activeUsers": [
    {
      "id": 2,
      "displayName": "Joseph Michaud",
      "source": "Web UI from 127.0.0.1",
      "login": "joseph.michaud@smartbear.com",
      "lastLogin": "2025-11-09 22:00:43",
      "lastActivity": "2025-11-09 22:05:44"
    },
    {
      "id": 3,
      "displayName": "QAC01 Tester",
      "source": "Web UI from 127.0.0.1",
      "login": "joseph.michaud.qac01@gmail.com",
      "lastLogin": "2025-11-09 22:01:13",
      "lastActivity": "2025-11-09 22:06:14"
    },
    {
      "id": 4,
      "displayName": "QAC02 Tester",
      "source": "Web UI from 127.0.0.1",
      "login": "joseph.michaud.qac02@gmail.com",
      "lastLogin": "2025-11-09 22:02:03",
      "lastActivity": "2025-11-09 23:47:43"
    }
  ],
  "totalActiveUsers": 3
}

2025-11-10 00:05:35
{
  "activeUsers": [
    {
      "id": 2,
      "displayName": "Joseph Michaud",
      "source": "Web UI from 127.0.0.1",
      "login": "joseph.michaud@smartbear.com",
      "lastLogin": "2025-11-09 22:00:43",
      "lastActivity": "2025-11-09 22:05:44"
    },
    {
      "id": 3,
      "displayName": "QAC01 Tester",
      "source": "Web UI from 127.0.0.1",
      "login": "joseph.michaud.qac01@gmail.com",
      "lastLogin": "2025-11-09 22:01:13",
      "lastActivity": "2025-11-09 22:06:14"
    },
    {
      "id": 4,
      "displayName": "QAC02 Tester",
      "source": "Web UI from 127.0.0.1",
      "login": "joseph.michaud.qac02@gmail.com",
      "lastLogin": "2025-11-09 22:02:03",
      "lastActivity": "2025-11-09 23:47:43"
    }
  ],
  "totalActiveUsers": 3
}

2025-11-10 00:10:35
{
  "activeUsers": [
    {
      "id": 2,
      "displayName": "Joseph Michaud",
      "source": "Web UI from 127.0.0.1",
      "login": "joseph.michaud@smartbear.com",
      "lastLogin": "2025-11-09 22:00:43",
      "lastActivity": "2025-11-09 22:05:44"
    },
    {
      "id": 3,
      "displayName": "QAC01 Tester",
      "source": "Web UI from 127.0.0.1",
      "login": "joseph.michaud.qac01@gmail.com",
      "lastLogin": "2025-11-09 22:01:13",
      "lastActivity": "2025-11-09 22:06:14"
    },
    {
      "id": 4,
      "displayName": "QAC02 Tester",
      "source": "Web UI from 127.0.0.1",
      "login": "joseph.michaud.qac02@gmail.com",
      "lastLogin": "2025-11-09 22:02:03",
      "lastActivity": "2025-11-09 23:47:43"
    }
  ],
  "totalActiveUsers": 3
}

2025-11-10 00:15:35
{
  "activeUsers": [
    {
      "id": 2,
      "displayName": "Joseph Michaud",
      "source": "Web UI from 127.0.0.1",
      "login": "joseph.michaud@smartbear.com",
      "lastLogin": "2025-11-09 22:00:43",
      "lastActivity": "2025-11-09 22:05:44"
    },
    {
      "id": 3,
      "displayName": "QAC01 Tester",
      "source": "Web UI from 127.0.0.1",
      "login": "joseph.michaud.qac01@gmail.com",
      "lastLogin": "2025-11-09 22:01:13",
      "lastActivity": "2025-11-09 22:06:14"
    },
    {
      "id": 4,
      "displayName": "QAC02 Tester",
      "source": "Web UI from 127.0.0.1",
      "login": "joseph.michaud.qac02@gmail.com",
      "lastLogin": "2025-11-09 22:02:03",
      "lastActivity": "2025-11-10 00:12:43"
    }
  ],
  "totalActiveUsers": 3
}

2025-11-10 00:20:35
{
  "activeUsers": [
    {
      "id": 2,
      "displayName": "Joseph Michaud",
      "source": "Web UI from 127.0.0.1",
      "login": "joseph.michaud@smartbear.com",
      "lastLogin": "2025-11-09 22:00:43",
      "lastActivity": "2025-11-09 22:05:44"
    },
    {
      "id": 3,
      "displayName": "QAC01 Tester",
      "source": "Web UI from 127.0.0.1",
      "login": "joseph.michaud.qac01@gmail.com",
      "lastLogin": "2025-11-09 22:01:13",
      "lastActivity": "2025-11-09 22:06:14"
    },
    {
      "id": 4,
      "displayName": "QAC02 Tester",
      "source": "Web UI from 127.0.0.1",
      "login": "joseph.michaud.qac02@gmail.com",
      "lastLogin": "2025-11-09 22:02:03",
      "lastActivity": "2025-11-10 00:12:43"
    }
  ],
  "totalActiveUsers": 3
}

2025-11-10 00:25:35
{
  "activeUsers": [
    {
      "id": 2,
      "displayName": "Joseph Michaud",
      "source": "Web UI from 127.0.0.1",
      "login": "joseph.michaud@smartbear.com",
      "lastLogin": "2025-11-09 22:00:43",
      "lastActivity": "2025-11-09 22:05:44"
    },
    {
      "id": 3,
      "displayName": "QAC01 Tester",
      "source": "Web UI from 127.0.0.1",
      "login": "joseph.michaud.qac01@gmail.com",
      "lastLogin": "2025-11-09 22:01:13",
      "lastActivity": "2025-11-09 22:06:14"
    },
    {
      "id": 4,
      "displayName": "QAC02 Tester",
      "source": "Web UI from 127.0.0.1",
      "login": "joseph.michaud.qac02@gmail.com",
      "lastLogin": "2025-11-09 22:02:03",
      "lastActivity": "2025-11-10 00:12:43"
    }
  ],
  "totalActiveUsers": 3
}

2025-11-10 00:30:35
{
  "activeUsers": [
    {
      "id": 2,
      "displayName": "Joseph Michaud",
      "source": "Web UI from 127.0.0.1",
      "login": "joseph.michaud@smartbear.com",
      "lastLogin": "2025-11-09 22:00:43",
      "lastActivity": "2025-11-09 22:05:44"
    },
    {
      "id": 3,
      "displayName": "QAC01 Tester",
      "source": "Web UI from 127.0.0.1",
      "login": "joseph.michaud.qac01@gmail.com",
      "lastLogin": "2025-11-09 22:01:13",
      "lastActivity": "2025-11-09 22:06:14"
    },
    {
      "id": 4,
      "displayName": "QAC02 Tester",
      "source": "Web UI from 127.0.0.1",
      "login": "joseph.michaud.qac02@gmail.com",
      "lastLogin": "2025-11-09 22:02:03",
      "lastActivity": "2025-11-10 00:12:43"
    }
  ],
  "totalActiveUsers": 3
}

2025-11-10 00:35:35
{
  "activeUsers": [
    {
      "id": 2,
      "displayName": "Joseph Michaud",
      "source": "Web UI from 127.0.0.1",
      "login": "joseph.michaud@smartbear.com",
      "lastLogin": "2025-11-09 22:00:43",
      "lastActivity": "2025-11-09 22:05:44"
    },
    {
      "id": 3,
      "displayName": "QAC01 Tester",
      "source": "Web UI from 127.0.0.1",
      "login": "joseph.michaud.qac01@gmail.com",
      "lastLogin": "2025-11-09 22:01:13",
      "lastActivity": "2025-11-09 22:06:14"
    },
    {
      "id": 4,
      "displayName": "QAC02 Tester",
      "source": "Web UI from 127.0.0.1",
      "login": "joseph.michaud.qac02@gmail.com",
      "lastLogin": "2025-11-09 22:02:03",
      "lastActivity": "2025-11-10 00:12:43"
    }
  ],
  "totalActiveUsers": 3
}

2025-11-10 00:40:35
{
  "activeUsers": [
    {
      "id": 2,
      "displayName": "Joseph Michaud",
      "source": "Web UI from 127.0.0.1",
      "login": "joseph.michaud@smartbear.com",
      "lastLogin": "2025-11-09 22:00:43",
      "lastActivity": "2025-11-09 22:05:44"
    },
    {
      "id": 3,
      "displayName": "QAC01 Tester",
      "source": "Web UI from 127.0.0.1",
      "login": "joseph.michaud.qac01@gmail.com",
      "lastLogin": "2025-11-09 22:01:13",
      "lastActivity": "2025-11-09 22:06:14"
    },
    {
      "id": 4,
      "displayName": "QAC02 Tester",
      "source": "Web UI from 127.0.0.1",
      "login": "joseph.michaud.qac02@gmail.com",
      "lastLogin": "2025-11-09 22:02:03",
      "lastActivity": "2025-11-10 00:37:43"
    }
  ],
  "totalActiveUsers": 3
}

2025-11-10 00:45:35
{
  "activeUsers": [
    {
      "id": 2,
      "displayName": "Joseph Michaud",
      "source": "Web UI from 127.0.0.1",
      "login": "joseph.michaud@smartbear.com",
      "lastLogin": "2025-11-09 22:00:43",
      "lastActivity": "2025-11-09 22:05:44"
    },
    {
      "id": 3,
      "displayName": "QAC01 Tester",
      "source": "Web UI from 127.0.0.1",
      "login": "joseph.michaud.qac01@gmail.com",
      "lastLogin": "2025-11-09 22:01:13",
      "lastActivity": "2025-11-09 22:06:14"
    },
    {
      "id": 4,
      "displayName": "QAC02 Tester",
      "source": "Web UI from 127.0.0.1",
      "login": "joseph.michaud.qac02@gmail.com",
      "lastLogin": "2025-11-09 22:02:03",
      "lastActivity": "2025-11-10 00:37:43"
    }
  ],
  "totalActiveUsers": 3
}

2025-11-10 00:50:35
{
  "activeUsers": [
    {
      "id": 2,
      "displayName": "Joseph Michaud",
      "source": "Web UI from 127.0.0.1",
      "login": "joseph.michaud@smartbear.com",
      "lastLogin": "2025-11-09 22:00:43",
      "lastActivity": "2025-11-09 22:05:44"
    },
    {
      "id": 3,
      "displayName": "QAC01 Tester",
      "source": "Web UI from 127.0.0.1",
      "login": "joseph.michaud.qac01@gmail.com",
      "lastLogin": "2025-11-09 22:01:13",
      "lastActivity": "2025-11-09 22:06:14"
    },
    {
      "id": 4,
      "displayName": "QAC02 Tester",
      "source": "Web UI from 127.0.0.1",
      "login": "joseph.michaud.qac02@gmail.com",
      "lastLogin": "2025-11-09 22:02:03",
      "lastActivity": "2025-11-10 00:37:43"
    }
  ],
  "totalActiveUsers": 3
}

2025-11-10 00:55:35
{
  "activeUsers": [
    {
      "id": 2,
      "displayName": "Joseph Michaud",
      "source": "Web UI from 127.0.0.1",
      "login": "joseph.michaud@smartbear.com",
      "lastLogin": "2025-11-09 22:00:43",
      "lastActivity": "2025-11-09 22:05:44"
    },
    {
      "id": 3,
      "displayName": "QAC01 Tester",
      "source": "Web UI from 127.0.0.1",
      "login": "joseph.michaud.qac01@gmail.com",
      "lastLogin": "2025-11-09 22:01:13",
      "lastActivity": "2025-11-09 22:06:14"
    },
    {
      "id": 4,
      "displayName": "QAC02 Tester",
      "source": "Web UI from 127.0.0.1",
      "login": "joseph.michaud.qac02@gmail.com",
      "lastLogin": "2025-11-09 22:02:03",
      "lastActivity": "2025-11-10 00:37:43"
    }
  ],
  "totalActiveUsers": 3
}

2025-11-10 01:00:35
{
  "activeUsers": [
    {
      "id": 2,
      "displayName": "Joseph Michaud",
      "source": "Web UI from 127.0.0.1",
      "login": "joseph.michaud@smartbear.com",
      "lastLogin": "2025-11-09 22:00:43",
      "lastActivity": "2025-11-09 22:05:44"
    },
    {
      "id": 3,
      "displayName": "QAC01 Tester",
      "source": "Web UI from 127.0.0.1",
      "login": "joseph.michaud.qac01@gmail.com",
      "lastLogin": "2025-11-09 22:01:13",
      "lastActivity": "2025-11-09 22:06:14"
    },
    {
      "id": 4,
      "displayName": "QAC02 Tester",
      "source": "Web UI from 127.0.0.1",
      "login": "joseph.michaud.qac02@gmail.com",
      "lastLogin": "2025-11-09 22:02:03",
      "lastActivity": "2025-11-10 00:37:43"
    }
  ],
  "totalActiveUsers": 3
}

2025-11-10 01:05:35
{
  "activeUsers": [
    {
      "id": 2,
      "displayName": "Joseph Michaud",
      "source": "Web UI from 127.0.0.1",
      "login": "joseph.michaud@smartbear.com",
      "lastLogin": "2025-11-09 22:00:43",
      "lastActivity": "2025-11-09 22:05:44"
    },
    {
      "id": 3,
      "displayName": "QAC01 Tester",
      "source": "Web UI from 127.0.0.1",
      "login": "joseph.michaud.qac01@gmail.com",
      "lastLogin": "2025-11-09 22:01:13",
      "lastActivity": "2025-11-09 22:06:14"
    },
    {
      "id": 4,
      "displayName": "QAC02 Tester",
      "source": "Web UI from 127.0.0.1",
      "login": "joseph.michaud.qac02@gmail.com",
      "lastLogin": "2025-11-09 22:02:03",
      "lastActivity": "2025-11-10 01:02:43"
    }
  ],
  "totalActiveUsers": 3
}

2025-11-10 01:10:35
{
  "activeUsers": [
    {
      "id": 2,
      "displayName": "Joseph Michaud",
      "source": "Web UI from 127.0.0.1",
      "login": "joseph.michaud@smartbear.com",
      "lastLogin": "2025-11-09 22:00:43",
      "lastActivity": "2025-11-09 22:05:44"
    },
    {
      "id": 3,
      "displayName": "QAC01 Tester",
      "source": "Web UI from 127.0.0.1",
      "login": "joseph.michaud.qac01@gmail.com",
      "lastLogin": "2025-11-09 22:01:13",
      "lastActivity": "2025-11-09 22:06:14"
    },
    {
      "id": 4,
      "displayName": "QAC02 Tester",
      "source": "Web UI from 127.0.0.1",
      "login": "joseph.michaud.qac02@gmail.com",
      "lastLogin": "2025-11-09 22:02:03",
      "lastActivity": "2025-11-10 01:02:43"
    }
  ],
  "totalActiveUsers": 3
}

2025-11-10 01:15:35
{
  "activeUsers": [
    {
      "id": 2,
      "displayName": "Joseph Michaud",
      "source": "Web UI from 127.0.0.1",
      "login": "joseph.michaud@smartbear.com",
      "lastLogin": "2025-11-09 22:00:43",
      "lastActivity": "2025-11-09 22:05:44"
    },
    {
      "id": 3,
      "displayName": "QAC01 Tester",
      "source": "Web UI from 127.0.0.1",
      "login": "joseph.michaud.qac01@gmail.com",
      "lastLogin": "2025-11-09 22:01:13",
      "lastActivity": "2025-11-09 22:06:14"
    },
    {
      "id": 4,
      "displayName": "QAC02 Tester",
      "source": "Web UI from 127.0.0.1",
      "login": "joseph.michaud.qac02@gmail.com",
      "lastLogin": "2025-11-09 22:02:03",
      "lastActivity": "2025-11-10 01:02:43"
    }
  ],
  "totalActiveUsers": 3
}

2025-11-10 01:20:35
{
  "activeUsers": [
    {
      "id": 2,
      "displayName": "Joseph Michaud",
      "source": "Web UI from 127.0.0.1",
      "login": "joseph.michaud@smartbear.com",
      "lastLogin": "2025-11-09 22:00:43",
      "lastActivity": "2025-11-09 22:05:44"
    },
    {
      "id": 3,
      "displayName": "QAC01 Tester",
      "source": "Web UI from 127.0.0.1",
      "login": "joseph.michaud.qac01@gmail.com",
      "lastLogin": "2025-11-09 22:01:13",
      "lastActivity": "2025-11-09 22:06:14"
    },
    {
      "id": 4,
      "displayName": "QAC02 Tester",
      "source": "Web UI from 127.0.0.1",
      "login": "joseph.michaud.qac02@gmail.com",
      "lastLogin": "2025-11-09 22:02:03",
      "lastActivity": "2025-11-10 01:02:43"
    }
  ],
  "totalActiveUsers": 3
}

2025-11-10 01:25:35
{
  "activeUsers": [
    {
      "id": 2,
      "displayName": "Joseph Michaud",
      "source": "Web UI from 127.0.0.1",
      "login": "joseph.michaud@smartbear.com",
      "lastLogin": "2025-11-09 22:00:43",
      "lastActivity": "2025-11-09 22:05:44"
    },
    {
      "id": 3,
      "displayName": "QAC01 Tester",
      "source": "Web UI from 127.0.0.1",
      "login": "joseph.michaud.qac01@gmail.com",
      "lastLogin": "2025-11-09 22:01:13",
      "lastActivity": "2025-11-09 22:06:14"
    },
    {
      "id": 4,
      "displayName": "QAC02 Tester",
      "source": "Web UI from 127.0.0.1",
      "login": "joseph.michaud.qac02@gmail.com",
      "lastLogin": "2025-11-09 22:02:03",
      "lastActivity": "2025-11-10 01:02:43"
    }
  ],
  "totalActiveUsers": 3
}

2025-11-10 01:30:35
{
  "activeUsers": [
    {
      "id": 2,
      "displayName": "Joseph Michaud",
      "source": "Web UI from 127.0.0.1",
      "login": "joseph.michaud@smartbear.com",
      "lastLogin": "2025-11-09 22:00:43",
      "lastActivity": "2025-11-09 22:05:44"
    },
    {
      "id": 3,
      "displayName": "QAC01 Tester",
      "source": "Web UI from 127.0.0.1",
      "login": "joseph.michaud.qac01@gmail.com",
      "lastLogin": "2025-11-09 22:01:13",
      "lastActivity": "2025-11-09 22:06:14"
    },
    {
      "id": 4,
      "displayName": "QAC02 Tester",
      "source": "Web UI from 127.0.0.1",
      "login": "joseph.michaud.qac02@gmail.com",
      "lastLogin": "2025-11-09 22:02:03",
      "lastActivity": "2025-11-10 01:27:43"
    }
  ],
  "totalActiveUsers": 3
}

2025-11-10 01:35:35
{
  "activeUsers": [
    {
      "id": 2,
      "displayName": "Joseph Michaud",
      "source": "Web UI from 127.0.0.1",
      "login": "joseph.michaud@smartbear.com",
      "lastLogin": "2025-11-09 22:00:43",
      "lastActivity": "2025-11-09 22:05:44"
    },
    {
      "id": 3,
      "displayName": "QAC01 Tester",
      "source": "Web UI from 127.0.0.1",
      "login": "joseph.michaud.qac01@gmail.com",
      "lastLogin": "2025-11-09 22:01:13",
      "lastActivity": "2025-11-09 22:06:14"
    },
    {
      "id": 4,
      "displayName": "QAC02 Tester",
      "source": "Web UI from 127.0.0.1",
      "login": "joseph.michaud.qac02@gmail.com",
      "lastLogin": "2025-11-09 22:02:03",
      "lastActivity": "2025-11-10 01:27:43"
    }
  ],
  "totalActiveUsers": 3
}

2025-11-10 01:40:35
{
  "activeUsers": [
    {
      "id": 2,
      "displayName": "Joseph Michaud",
      "source": "Web UI from 127.0.0.1",
      "login": "joseph.michaud@smartbear.com",
      "lastLogin": "2025-11-09 22:00:43",
      "lastActivity": "2025-11-09 22:05:44"
    },
    {
      "id": 3,
      "displayName": "QAC01 Tester",
      "source": "Web UI from 127.0.0.1",
      "login": "joseph.michaud.qac01@gmail.com",
      "lastLogin": "2025-11-09 22:01:13",
      "lastActivity": "2025-11-09 22:06:14"
    },
    {
      "id": 4,
      "displayName": "QAC02 Tester",
      "source": "Web UI from 127.0.0.1",
      "login": "joseph.michaud.qac02@gmail.com",
      "lastLogin": "2025-11-09 22:02:03",
      "lastActivity": "2025-11-10 01:27:43"
    }
  ],
  "totalActiveUsers": 3
}

2025-11-10 01:45:35
{
  "activeUsers": [
    {
      "id": 2,
      "displayName": "Joseph Michaud",
      "source": "Web UI from 127.0.0.1",
      "login": "joseph.michaud@smartbear.com",
      "lastLogin": "2025-11-09 22:00:43",
      "lastActivity": "2025-11-09 22:05:44"
    },
    {
      "id": 3,
      "displayName": "QAC01 Tester",
      "source": "Web UI from 127.0.0.1",
      "login": "joseph.michaud.qac01@gmail.com",
      "lastLogin": "2025-11-09 22:01:13",
      "lastActivity": "2025-11-09 22:06:14"
    },
    {
      "id": 4,
      "displayName": "QAC02 Tester",
      "source": "Web UI from 127.0.0.1",
      "login": "joseph.michaud.qac02@gmail.com",
      "lastLogin": "2025-11-09 22:02:03",
      "lastActivity": "2025-11-10 01:27:43"
    }
  ],
  "totalActiveUsers": 3
}

2025-11-10 01:50:35
{
  "activeUsers": [
    {
      "id": 2,
      "displayName": "Joseph Michaud",
      "source": "Web UI from 127.0.0.1",
      "login": "joseph.michaud@smartbear.com",
      "lastLogin": "2025-11-09 22:00:43",
      "lastActivity": "2025-11-09 22:05:44"
    },
    {
      "id": 3,
      "displayName": "QAC01 Tester",
      "source": "Web UI from 127.0.0.1",
      "login": "joseph.michaud.qac01@gmail.com",
      "lastLogin": "2025-11-09 22:01:13",
      "lastActivity": "2025-11-09 22:06:14"
    },
    {
      "id": 4,
      "displayName": "QAC02 Tester",
      "source": "Web UI from 127.0.0.1",
      "login": "joseph.michaud.qac02@gmail.com",
      "lastLogin": "2025-11-09 22:02:03",
      "lastActivity": "2025-11-10 01:27:43"
    }
  ],
  "totalActiveUsers": 3
}

2025-11-10 01:55:35
{
  "activeUsers": [
    {
      "id": 2,
      "displayName": "Joseph Michaud",
      "source": "Web UI from 127.0.0.1",
      "login": "joseph.michaud@smartbear.com",
      "lastLogin": "2025-11-09 22:00:43",
      "lastActivity": "2025-11-09 22:05:44"
    },
    {
      "id": 3,
      "displayName": "QAC01 Tester",
      "source": "Web UI from 127.0.0.1",
      "login": "joseph.michaud.qac01@gmail.com",
      "lastLogin": "2025-11-09 22:01:13",
      "lastActivity": "2025-11-09 22:06:14"
    },
    {
      "id": 4,
      "displayName": "QAC02 Tester",
      "source": "Web UI from 127.0.0.1",
      "login": "joseph.michaud.qac02@gmail.com",
      "lastLogin": "2025-11-09 22:02:03",
      "lastActivity": "2025-11-10 01:52:43"
    }
  ],
  "totalActiveUsers": 3
}

2025-11-10 02:00:35
{
  "activeUsers": [
    {
      "id": 2,
      "displayName": "Joseph Michaud",
      "source": "Web UI from 127.0.0.1",
      "login": "joseph.michaud@smartbear.com",
      "lastLogin": "2025-11-09 22:00:43",
      "lastActivity": "2025-11-09 22:05:44"
    },
    {
      "id": 3,
      "displayName": "QAC01 Tester",
      "source": "Web UI from 127.0.0.1",
      "login": "joseph.michaud.qac01@gmail.com",
      "lastLogin": "2025-11-09 22:01:13",
      "lastActivity": "2025-11-09 22:06:14"
    },
    {
      "id": 4,
      "displayName": "QAC02 Tester",
      "source": "Web UI from 127.0.0.1",
      "login": "joseph.michaud.qac02@gmail.com",
      "lastLogin": "2025-11-09 22:02:03",
      "lastActivity": "2025-11-10 01:52:43"
    }
  ],
  "totalActiveUsers": 3
}

2025-11-10 02:05:35
{
  "activeUsers": [
    {
      "id": 2,
      "displayName": "Joseph Michaud",
      "source": "Web UI from 127.0.0.1",
      "login": "joseph.michaud@smartbear.com",
      "lastLogin": "2025-11-09 22:00:43",
      "lastActivity": "2025-11-09 22:05:44"
    },
    {
      "id": 3,
      "displayName": "QAC01 Tester",
      "source": "Web UI from 127.0.0.1",
      "login": "joseph.michaud.qac01@gmail.com",
      "lastLogin": "2025-11-09 22:01:13",
      "lastActivity": "2025-11-09 22:06:14"
    },
    {
      "id": 4,
      "displayName": "QAC02 Tester",
      "source": "Web UI from 127.0.0.1",
      "login": "joseph.michaud.qac02@gmail.com",
      "lastLogin": "2025-11-09 22:02:03",
      "lastActivity": "2025-11-10 01:52:43"
    }
  ],
  "totalActiveUsers": 3
}

2025-11-10 02:10:35
{
  "activeUsers": [
    {
      "id": 2,
      "displayName": "Joseph Michaud",
      "source": "Web UI from 127.0.0.1",
      "login": "joseph.michaud@smartbear.com",
      "lastLogin": "2025-11-09 22:00:43",
      "lastActivity": "2025-11-09 22:05:44"
    },
    {
      "id": 3,
      "displayName": "QAC01 Tester",
      "source": "Web UI from 127.0.0.1",
      "login": "joseph.michaud.qac01@gmail.com",
      "lastLogin": "2025-11-09 22:01:13",
      "lastActivity": "2025-11-09 22:06:14"
    },
    {
      "id": 4,
      "displayName": "QAC02 Tester",
      "source": "Web UI from 127.0.0.1",
      "login": "joseph.michaud.qac02@gmail.com",
      "lastLogin": "2025-11-09 22:02:03",
      "lastActivity": "2025-11-10 01:52:43"
    }
  ],
  "totalActiveUsers": 3
}

2025-11-10 02:15:35
{
  "activeUsers": [
    {
      "id": 2,
      "displayName": "Joseph Michaud",
      "source": "Web UI from 127.0.0.1",
      "login": "joseph.michaud@smartbear.com",
      "lastLogin": "2025-11-09 22:00:43",
      "lastActivity": "2025-11-09 22:05:44"
    },
    {
      "id": 3,
      "displayName": "QAC01 Tester",
      "source": "Web UI from 127.0.0.1",
      "login": "joseph.michaud.qac01@gmail.com",
      "lastLogin": "2025-11-09 22:01:13",
      "lastActivity": "2025-11-09 22:06:14"
    },
    {
      "id": 4,
      "displayName": "QAC02 Tester",
      "source": "Web UI from 127.0.0.1",
      "login": "joseph.michaud.qac02@gmail.com",
      "lastLogin": "2025-11-09 22:02:03",
      "lastActivity": "2025-11-10 01:52:43"
    }
  ],
  "totalActiveUsers": 3
}

2025-11-10 02:20:35
{
  "activeUsers": [
    {
      "id": 2,
      "displayName": "Joseph Michaud",
      "source": "Web UI from 127.0.0.1",
      "login": "joseph.michaud@smartbear.com",
      "lastLogin": "2025-11-09 22:00:43",
      "lastActivity": "2025-11-09 22:05:44"
    },
    {
      "id": 3,
      "displayName": "QAC01 Tester",
      "source": "Web UI from 127.0.0.1",
      "login": "joseph.michaud.qac01@gmail.com",
      "lastLogin": "2025-11-09 22:01:13",
      "lastActivity": "2025-11-09 22:06:14"
    },
    {
      "id": 4,
      "displayName": "QAC02 Tester",
      "source": "Web UI from 127.0.0.1",
      "login": "joseph.michaud.qac02@gmail.com",
      "lastLogin": "2025-11-09 22:02:03",
      "lastActivity": "2025-11-10 02:17:43"
    }
  ],
  "totalActiveUsers": 3
}

2025-11-10 02:25:35
{
  "activeUsers": [
    {
      "id": 2,
      "displayName": "Joseph Michaud",
      "source": "Web UI from 127.0.0.1",
      "login": "joseph.michaud@smartbear.com",
      "lastLogin": "2025-11-09 22:00:43",
      "lastActivity": "2025-11-09 22:05:44"
    },
    {
      "id": 3,
      "displayName": "QAC01 Tester",
      "source": "Web UI from 127.0.0.1",
      "login": "joseph.michaud.qac01@gmail.com",
      "lastLogin": "2025-11-09 22:01:13",
      "lastActivity": "2025-11-09 22:06:14"
    },
    {
      "id": 4,
      "displayName": "QAC02 Tester",
      "source": "Web UI from 127.0.0.1",
      "login": "joseph.michaud.qac02@gmail.com",
      "lastLogin": "2025-11-09 22:02:03",
      "lastActivity": "2025-11-10 02:17:43"
    }
  ],
  "totalActiveUsers": 3
}

2025-11-10 02:30:35
{
  "activeUsers": [
    {
      "id": 2,
      "displayName": "Joseph Michaud",
      "source": "Web UI from 127.0.0.1",
      "login": "joseph.michaud@smartbear.com",
      "lastLogin": "2025-11-09 22:00:43",
      "lastActivity": "2025-11-09 22:05:44"
    },
    {
      "id": 3,
      "displayName": "QAC01 Tester",
      "source": "Web UI from 127.0.0.1",
      "login": "joseph.michaud.qac01@gmail.com",
      "lastLogin": "2025-11-09 22:01:13",
      "lastActivity": "2025-11-09 22:06:14"
    },
    {
      "id": 4,
      "displayName": "QAC02 Tester",
      "source": "Web UI from 127.0.0.1",
      "login": "joseph.michaud.qac02@gmail.com",
      "lastLogin": "2025-11-09 22:02:03",
      "lastActivity": "2025-11-10 02:17:43"
    }
  ],
  "totalActiveUsers": 3
}

2025-11-10 02:35:35
{
  "activeUsers": [
    {
      "id": 2,
      "displayName": "Joseph Michaud",
      "source": "Web UI from 127.0.0.1",
      "login": "joseph.michaud@smartbear.com",
      "lastLogin": "2025-11-09 22:00:43",
      "lastActivity": "2025-11-09 22:05:44"
    },
    {
      "id": 3,
      "displayName": "QAC01 Tester",
      "source": "Web UI from 127.0.0.1",
      "login": "joseph.michaud.qac01@gmail.com",
      "lastLogin": "2025-11-09 22:01:13",
      "lastActivity": "2025-11-09 22:06:14"
    },
    {
      "id": 4,
      "displayName": "QAC02 Tester",
      "source": "Web UI from 127.0.0.1",
      "login": "joseph.michaud.qac02@gmail.com",
      "lastLogin": "2025-11-09 22:02:03",
      "lastActivity": "2025-11-10 02:17:43"
    }
  ],
  "totalActiveUsers": 3
}

2025-11-10 02:40:35
{
  "activeUsers": [
    {
      "id": 2,
      "displayName": "Joseph Michaud",
      "source": "Web UI from 127.0.0.1",
      "login": "joseph.michaud@smartbear.com",
      "lastLogin": "2025-11-09 22:00:43",
      "lastActivity": "2025-11-09 22:05:44"
    },
    {
      "id": 3,
      "displayName": "QAC01 Tester",
      "source": "Web UI from 127.0.0.1",
      "login": "joseph.michaud.qac01@gmail.com",
      "lastLogin": "2025-11-09 22:01:13",
      "lastActivity": "2025-11-09 22:06:14"
    },
    {
      "id": 4,
      "displayName": "QAC02 Tester",
      "source": "Web UI from 127.0.0.1",
      "login": "joseph.michaud.qac02@gmail.com",
      "lastLogin": "2025-11-09 22:02:03",
      "lastActivity": "2025-11-10 02:17:43"
    }
  ],
  "totalActiveUsers": 3
}

2025-11-10 02:45:35
{
  "activeUsers": [
    {
      "id": 2,
      "displayName": "Joseph Michaud",
      "source": "Web UI from 127.0.0.1",
      "login": "joseph.michaud@smartbear.com",
      "lastLogin": "2025-11-09 22:00:43",
      "lastActivity": "2025-11-09 22:05:44"
    },
    {
      "id": 3,
      "displayName": "QAC01 Tester",
      "source": "Web UI from 127.0.0.1",
      "login": "joseph.michaud.qac01@gmail.com",
      "lastLogin": "2025-11-09 22:01:13",
      "lastActivity": "2025-11-09 22:06:14"
    },
    {
      "id": 4,
      "displayName": "QAC02 Tester",
      "source": "Web UI from 127.0.0.1",
      "login": "joseph.michaud.qac02@gmail.com",
      "lastLogin": "2025-11-09 22:02:03",
      "lastActivity": "2025-11-10 02:42:44"
    }
  ],
  "totalActiveUsers": 3
}

2025-11-10 02:50:35
{
  "activeUsers": [
    {
      "id": 2,
      "displayName": "Joseph Michaud",
      "source": "Web UI from 127.0.0.1",
      "login": "joseph.michaud@smartbear.com",
      "lastLogin": "2025-11-09 22:00:43",
      "lastActivity": "2025-11-09 22:05:44"
    },
    {
      "id": 3,
      "displayName": "QAC01 Tester",
      "source": "Web UI from 127.0.0.1",
      "login": "joseph.michaud.qac01@gmail.com",
      "lastLogin": "2025-11-09 22:01:13",
      "lastActivity": "2025-11-09 22:06:14"
    },
    {
      "id": 4,
      "displayName": "QAC02 Tester",
      "source": "Web UI from 127.0.0.1",
      "login": "joseph.michaud.qac02@gmail.com",
      "lastLogin": "2025-11-09 22:02:03",
      "lastActivity": "2025-11-10 02:42:44"
    }
  ],
  "totalActiveUsers": 3
}

2025-11-10 02:55:35
{
  "activeUsers": [
    {
      "id": 2,
      "displayName": "Joseph Michaud",
      "source": "Web UI from 127.0.0.1",
      "login": "joseph.michaud@smartbear.com",
      "lastLogin": "2025-11-09 22:00:43",
      "lastActivity": "2025-11-09 22:05:44"
    },
    {
      "id": 3,
      "displayName": "QAC01 Tester",
      "source": "Web UI from 127.0.0.1",
      "login": "joseph.michaud.qac01@gmail.com",
      "lastLogin": "2025-11-09 22:01:13",
      "lastActivity": "2025-11-09 22:06:14"
    },
    {
      "id": 4,
      "displayName": "QAC02 Tester",
      "source": "Web UI from 127.0.0.1",
      "login": "joseph.michaud.qac02@gmail.com",
      "lastLogin": "2025-11-09 22:02:03",
      "lastActivity": "2025-11-10 02:42:44"
    }
  ],
  "totalActiveUsers": 3
}

2025-11-10 03:00:35
{
  "activeUsers": [
    {
      "id": 2,
      "displayName": "Joseph Michaud",
      "source": "Web UI from 127.0.0.1",
      "login": "joseph.michaud@smartbear.com",
      "lastLogin": "2025-11-09 22:00:43",
      "lastActivity": "2025-11-09 22:05:44"
    },
    {
      "id": 3,
      "displayName": "QAC01 Tester",
      "source": "Web UI from 127.0.0.1",
      "login": "joseph.michaud.qac01@gmail.com",
      "lastLogin": "2025-11-09 22:01:13",
      "lastActivity": "2025-11-09 22:06:14"
    },
    {
      "id": 4,
      "displayName": "QAC02 Tester",
      "source": "Web UI from 127.0.0.1",
      "login": "joseph.michaud.qac02@gmail.com",
      "lastLogin": "2025-11-09 22:02:03",
      "lastActivity": "2025-11-10 02:42:44"
    }
  ],
  "totalActiveUsers": 3
}

2025-11-10 03:05:35
{
  "activeUsers": [
    {
      "id": 2,
      "displayName": "Joseph Michaud",
      "source": "Web UI from 127.0.0.1",
      "login": "joseph.michaud@smartbear.com",
      "lastLogin": "2025-11-09 22:00:43",
      "lastActivity": "2025-11-09 22:05:44"
    },
    {
      "id": 3,
      "displayName": "QAC01 Tester",
      "source": "Web UI from 127.0.0.1",
      "login": "joseph.michaud.qac01@gmail.com",
      "lastLogin": "2025-11-09 22:01:13",
      "lastActivity": "2025-11-09 22:06:14"
    },
    {
      "id": 4,
      "displayName": "QAC02 Tester",
      "source": "Web UI from 127.0.0.1",
      "login": "joseph.michaud.qac02@gmail.com",
      "lastLogin": "2025-11-09 22:02:03",
      "lastActivity": "2025-11-10 02:42:44"
    }
  ],
  "totalActiveUsers": 3
}

2025-11-10 03:10:35
{
  "activeUsers": [
    {
      "id": 2,
      "displayName": "Joseph Michaud",
      "source": "Web UI from 127.0.0.1",
      "login": "joseph.michaud@smartbear.com",
      "lastLogin": "2025-11-09 22:00:43",
      "lastActivity": "2025-11-09 22:05:44"
    },
    {
      "id": 3,
      "displayName": "QAC01 Tester",
      "source": "Web UI from 127.0.0.1",
      "login": "joseph.michaud.qac01@gmail.com",
      "lastLogin": "2025-11-09 22:01:13",
      "lastActivity": "2025-11-09 22:06:14"
    },
    {
      "id": 4,
      "displayName": "QAC02 Tester",
      "source": "Web UI from 127.0.0.1",
      "login": "joseph.michaud.qac02@gmail.com",
      "lastLogin": "2025-11-09 22:02:03",
      "lastActivity": "2025-11-10 03:07:44"
    }
  ],
  "totalActiveUsers": 3
}

2025-11-10 03:15:35
{
  "activeUsers": [
    {
      "id": 2,
      "displayName": "Joseph Michaud",
      "source": "Web UI from 127.0.0.1",
      "login": "joseph.michaud@smartbear.com",
      "lastLogin": "2025-11-09 22:00:43",
      "lastActivity": "2025-11-09 22:05:44"
    },
    {
      "id": 3,
      "displayName": "QAC01 Tester",
      "source": "Web UI from 127.0.0.1",
      "login": "joseph.michaud.qac01@gmail.com",
      "lastLogin": "2025-11-09 22:01:13",
      "lastActivity": "2025-11-09 22:06:14"
    },
    {
      "id": 4,
      "displayName": "QAC02 Tester",
      "source": "Web UI from 127.0.0.1",
      "login": "joseph.michaud.qac02@gmail.com",
      "lastLogin": "2025-11-09 22:02:03",
      "lastActivity": "2025-11-10 03:07:44"
    }
  ],
  "totalActiveUsers": 3
}

2025-11-10 03:20:35
{
  "activeUsers": [
    {
      "id": 2,
      "displayName": "Joseph Michaud",
      "source": "Web UI from 127.0.0.1",
      "login": "joseph.michaud@smartbear.com",
      "lastLogin": "2025-11-09 22:00:43",
      "lastActivity": "2025-11-09 22:05:44"
    },
    {
      "id": 3,
      "displayName": "QAC01 Tester",
      "source": "Web UI from 127.0.0.1",
      "login": "joseph.michaud.qac01@gmail.com",
      "lastLogin": "2025-11-09 22:01:13",
      "lastActivity": "2025-11-09 22:06:14"
    },
    {
      "id": 4,
      "displayName": "QAC02 Tester",
      "source": "Web UI from 127.0.0.1",
      "login": "joseph.michaud.qac02@gmail.com",
      "lastLogin": "2025-11-09 22:02:03",
      "lastActivity": "2025-11-10 03:07:44"
    }
  ],
  "totalActiveUsers": 3
}

2025-11-10 03:25:35
{
  "activeUsers": [
    {
      "id": 2,
      "displayName": "Joseph Michaud",
      "source": "Web UI from 127.0.0.1",
      "login": "joseph.michaud@smartbear.com",
      "lastLogin": "2025-11-09 22:00:43",
      "lastActivity": "2025-11-09 22:05:44"
    },
    {
      "id": 3,
      "displayName": "QAC01 Tester",
      "source": "Web UI from 127.0.0.1",
      "login": "joseph.michaud.qac01@gmail.com",
      "lastLogin": "2025-11-09 22:01:13",
      "lastActivity": "2025-11-09 22:06:14"
    },
    {
      "id": 4,
      "displayName": "QAC02 Tester",
      "source": "Web UI from 127.0.0.1",
      "login": "joseph.michaud.qac02@gmail.com",
      "lastLogin": "2025-11-09 22:02:03",
      "lastActivity": "2025-11-10 03:07:44"
    }
  ],
  "totalActiveUsers": 3
}

2025-11-10 03:30:35
{
  "activeUsers": [
    {
      "id": 2,
      "displayName": "Joseph Michaud",
      "source": "Web UI from 127.0.0.1",
      "login": "joseph.michaud@smartbear.com",
      "lastLogin": "2025-11-09 22:00:43",
      "lastActivity": "2025-11-09 22:05:44"
    },
    {
      "id": 3,
      "displayName": "QAC01 Tester",
      "source": "Web UI from 127.0.0.1",
      "login": "joseph.michaud.qac01@gmail.com",
      "lastLogin": "2025-11-09 22:01:13",
      "lastActivity": "2025-11-09 22:06:14"
    },
    {
      "id": 4,
      "displayName": "QAC02 Tester",
      "source": "Web UI from 127.0.0.1",
      "login": "joseph.michaud.qac02@gmail.com",
      "lastLogin": "2025-11-09 22:02:03",
      "lastActivity": "2025-11-10 03:07:44"
    }
  ],
  "totalActiveUsers": 3
}

2025-11-10 03:35:35
{
  "activeUsers": [
    {
      "id": 2,
      "displayName": "Joseph Michaud",
      "source": "Web UI from 127.0.0.1",
      "login": "joseph.michaud@smartbear.com",
      "lastLogin": "2025-11-09 22:00:43",
      "lastActivity": "2025-11-09 22:05:44"
    },
    {
      "id": 3,
      "displayName": "QAC01 Tester",
      "source": "Web UI from 127.0.0.1",
      "login": "joseph.michaud.qac01@gmail.com",
      "lastLogin": "2025-11-09 22:01:13",
      "lastActivity": "2025-11-09 22:06:14"
    },
    {
      "id": 4,
      "displayName": "QAC02 Tester",
      "source": "Web UI from 127.0.0.1",
      "login": "joseph.michaud.qac02@gmail.com",
      "lastLogin": "2025-11-09 22:02:03",
      "lastActivity": "2025-11-10 03:32:44"
    }
  ],
  "totalActiveUsers": 3
}

2025-11-10 03:40:35
{
  "activeUsers": [
    {
      "id": 2,
      "displayName": "Joseph Michaud",
      "source": "Web UI from 127.0.0.1",
      "login": "joseph.michaud@smartbear.com",
      "lastLogin": "2025-11-09 22:00:43",
      "lastActivity": "2025-11-09 22:05:44"
    },
    {
      "id": 3,
      "displayName": "QAC01 Tester",
      "source": "Web UI from 127.0.0.1",
      "login": "joseph.michaud.qac01@gmail.com",
      "lastLogin": "2025-11-09 22:01:13",
      "lastActivity": "2025-11-09 22:06:14"
    },
    {
      "id": 4,
      "displayName": "QAC02 Tester",
      "source": "Web UI from 127.0.0.1",
      "login": "joseph.michaud.qac02@gmail.com",
      "lastLogin": "2025-11-09 22:02:03",
      "lastActivity": "2025-11-10 03:32:44"
    }
  ],
  "totalActiveUsers": 3
}

2025-11-10 03:45:35
{
  "activeUsers": [
    {
      "id": 2,
      "displayName": "Joseph Michaud",
      "source": "Web UI from 127.0.0.1",
      "login": "joseph.michaud@smartbear.com",
      "lastLogin": "2025-11-09 22:00:43",
      "lastActivity": "2025-11-09 22:05:44"
    },
    {
      "id": 3,
      "displayName": "QAC01 Tester",
      "source": "Web UI from 127.0.0.1",
      "login": "joseph.michaud.qac01@gmail.com",
      "lastLogin": "2025-11-09 22:01:13",
      "lastActivity": "2025-11-09 22:06:14"
    },
    {
      "id": 4,
      "displayName": "QAC02 Tester",
      "source": "Web UI from 127.0.0.1",
      "login": "joseph.michaud.qac02@gmail.com",
      "lastLogin": "2025-11-09 22:02:03",
      "lastActivity": "2025-11-10 03:32:44"
    }
  ],
  "totalActiveUsers": 3
}

2025-11-10 03:50:35
{
  "activeUsers": [
    {
      "id": 2,
      "displayName": "Joseph Michaud",
      "source": "Web UI from 127.0.0.1",
      "login": "joseph.michaud@smartbear.com",
      "lastLogin": "2025-11-09 22:00:43",
      "lastActivity": "2025-11-09 22:05:44"
    },
    {
      "id": 3,
      "displayName": "QAC01 Tester",
      "source": "Web UI from 127.0.0.1",
      "login": "joseph.michaud.qac01@gmail.com",
      "lastLogin": "2025-11-09 22:01:13",
      "lastActivity": "2025-11-09 22:06:14"
    },
    {
      "id": 4,
      "displayName": "QAC02 Tester",
      "source": "Web UI from 127.0.0.1",
      "login": "joseph.michaud.qac02@gmail.com",
      "lastLogin": "2025-11-09 22:02:03",
      "lastActivity": "2025-11-10 03:32:44"
    }
  ],
  "totalActiveUsers": 3
}

2025-11-10 03:55:35
{
  "activeUsers": [
    {
      "id": 2,
      "displayName": "Joseph Michaud",
      "source": "Web UI from 127.0.0.1",
      "login": "joseph.michaud@smartbear.com",
      "lastLogin": "2025-11-09 22:00:43",
      "lastActivity": "2025-11-09 22:05:44"
    },
    {
      "id": 3,
      "displayName": "QAC01 Tester",
      "source": "Web UI from 127.0.0.1",
      "login": "joseph.michaud.qac01@gmail.com",
      "lastLogin": "2025-11-09 22:01:13",
      "lastActivity": "2025-11-09 22:06:14"
    },
    {
      "id": 4,
      "displayName": "QAC02 Tester",
      "source": "Web UI from 127.0.0.1",
      "login": "joseph.michaud.qac02@gmail.com",
      "lastLogin": "2025-11-09 22:02:03",
      "lastActivity": "2025-11-10 03:32:44"
    }
  ],
  "totalActiveUsers": 3
}

2025-11-10 04:00:35
{
  "activeUsers": [
    {
      "id": 2,
      "displayName": "Joseph Michaud",
      "source": "Web UI from 127.0.0.1",
      "login": "joseph.michaud@smartbear.com",
      "lastLogin": "2025-11-09 22:00:43",
      "lastActivity": "2025-11-09 22:05:44"
    },
    {
      "id": 3,
      "displayName": "QAC01 Tester",
      "source": "Web UI from 127.0.0.1",
      "login": "joseph.michaud.qac01@gmail.com",
      "lastLogin": "2025-11-09 22:01:13",
      "lastActivity": "2025-11-09 22:06:14"
    },
    {
      "id": 4,
      "displayName": "QAC02 Tester",
      "source": "Web UI from 127.0.0.1",
      "login": "joseph.michaud.qac02@gmail.com",
      "lastLogin": "2025-11-09 22:02:03",
      "lastActivity": "2025-11-10 03:57:44"
    }
  ],
  "totalActiveUsers": 3
}

2025-11-10 04:05:35
{
  "activeUsers": [
    {
      "id": 2,
      "displayName": "Joseph Michaud",
      "source": "Web UI from 127.0.0.1",
      "login": "joseph.michaud@smartbear.com",
      "lastLogin": "2025-11-09 22:00:43",
      "lastActivity": "2025-11-09 22:05:44"
    },
    {
      "id": 3,
      "displayName": "QAC01 Tester",
      "source": "Web UI from 127.0.0.1",
      "login": "joseph.michaud.qac01@gmail.com",
      "lastLogin": "2025-11-09 22:01:13",
      "lastActivity": "2025-11-09 22:06:14"
    },
    {
      "id": 4,
      "displayName": "QAC02 Tester",
      "source": "Web UI from 127.0.0.1",
      "login": "joseph.michaud.qac02@gmail.com",
      "lastLogin": "2025-11-09 22:02:03",
      "lastActivity": "2025-11-10 03:57:44"
    }
  ],
  "totalActiveUsers": 3
}

2025-11-10 04:10:35
{
  "activeUsers": [
    {
      "id": 2,
      "displayName": "Joseph Michaud",
      "source": "Web UI from 127.0.0.1",
      "login": "joseph.michaud@smartbear.com",
      "lastLogin": "2025-11-09 22:00:43",
      "lastActivity": "2025-11-09 22:05:44"
    },
    {
      "id": 3,
      "displayName": "QAC01 Tester",
      "source": "Web UI from 127.0.0.1",
      "login": "joseph.michaud.qac01@gmail.com",
      "lastLogin": "2025-11-09 22:01:13",
      "lastActivity": "2025-11-09 22:06:14"
    },
    {
      "id": 4,
      "displayName": "QAC02 Tester",
      "source": "Web UI from 127.0.0.1",
      "login": "joseph.michaud.qac02@gmail.com",
      "lastLogin": "2025-11-09 22:02:03",
      "lastActivity": "2025-11-10 03:57:44"
    }
  ],
  "totalActiveUsers": 3
}

2025-11-10 04:15:35
{
  "activeUsers": [
    {
      "id": 2,
      "displayName": "Joseph Michaud",
      "source": "Web UI from 127.0.0.1",
      "login": "joseph.michaud@smartbear.com",
      "lastLogin": "2025-11-09 22:00:43",
      "lastActivity": "2025-11-09 22:05:44"
    },
    {
      "id": 3,
      "displayName": "QAC01 Tester",
      "source": "Web UI from 127.0.0.1",
      "login": "joseph.michaud.qac01@gmail.com",
      "lastLogin": "2025-11-09 22:01:13",
      "lastActivity": "2025-11-09 22:06:14"
    },
    {
      "id": 4,
      "displayName": "QAC02 Tester",
      "source": "Web UI from 127.0.0.1",
      "login": "joseph.michaud.qac02@gmail.com",
      "lastLogin": "2025-11-09 22:02:03",
      "lastActivity": "2025-11-10 03:57:44"
    }
  ],
  "totalActiveUsers": 3
}

2025-11-10 04:20:35
{
  "activeUsers": [
    {
      "id": 2,
      "displayName": "Joseph Michaud",
      "source": "Web UI from 127.0.0.1",
      "login": "joseph.michaud@smartbear.com",
      "lastLogin": "2025-11-09 22:00:43",
      "lastActivity": "2025-11-09 22:05:44"
    },
    {
      "id": 3,
      "displayName": "QAC01 Tester",
      "source": "Web UI from 127.0.0.1",
      "login": "joseph.michaud.qac01@gmail.com",
      "lastLogin": "2025-11-09 22:01:13",
      "lastActivity": "2025-11-09 22:06:14"
    },
    {
      "id": 4,
      "displayName": "QAC02 Tester",
      "source": "Web UI from 127.0.0.1",
      "login": "joseph.michaud.qac02@gmail.com",
      "lastLogin": "2025-11-09 22:02:03",
      "lastActivity": "2025-11-10 03:57:44"
    }
  ],
  "totalActiveUsers": 3
}

2025-11-10 04:25:35
{
  "activeUsers": [
    {
      "id": 2,
      "displayName": "Joseph Michaud",
      "source": "Web UI from 127.0.0.1",
      "login": "joseph.michaud@smartbear.com",
      "lastLogin": "2025-11-09 22:00:43",
      "lastActivity": "2025-11-09 22:05:44"
    },
    {
      "id": 3,
      "displayName": "QAC01 Tester",
      "source": "Web UI from 127.0.0.1",
      "login": "joseph.michaud.qac01@gmail.com",
      "lastLogin": "2025-11-09 22:01:13",
      "lastActivity": "2025-11-09 22:06:14"
    },
    {
      "id": 4,
      "displayName": "QAC02 Tester",
      "source": "Web UI from 127.0.0.1",
      "login": "joseph.michaud.qac02@gmail.com",
      "lastLogin": "2025-11-09 22:02:03",
      "lastActivity": "2025-11-10 04:22:44"
    }
  ],
  "totalActiveUsers": 3
}

2025-11-10 04:30:35
{
  "activeUsers": [
    {
      "id": 2,
      "displayName": "Joseph Michaud",
      "source": "Web UI from 127.0.0.1",
      "login": "joseph.michaud@smartbear.com",
      "lastLogin": "2025-11-09 22:00:43",
      "lastActivity": "2025-11-09 22:05:44"
    },
    {
      "id": 3,
      "displayName": "QAC01 Tester",
      "source": "Web UI from 127.0.0.1",
      "login": "joseph.michaud.qac01@gmail.com",
      "lastLogin": "2025-11-09 22:01:13",
      "lastActivity": "2025-11-09 22:06:14"
    },
    {
      "id": 4,
      "displayName": "QAC02 Tester",
      "source": "Web UI from 127.0.0.1",
      "login": "joseph.michaud.qac02@gmail.com",
      "lastLogin": "2025-11-09 22:02:03",
      "lastActivity": "2025-11-10 04:22:44"
    }
  ],
  "totalActiveUsers": 3
}

2025-11-10 04:35:35
{
  "activeUsers": [
    {
      "id": 2,
      "displayName": "Joseph Michaud",
      "source": "Web UI from 127.0.0.1",
      "login": "joseph.michaud@smartbear.com",
      "lastLogin": "2025-11-09 22:00:43",
      "lastActivity": "2025-11-09 22:05:44"
    },
    {
      "id": 3,
      "displayName": "QAC01 Tester",
      "source": "Web UI from 127.0.0.1",
      "login": "joseph.michaud.qac01@gmail.com",
      "lastLogin": "2025-11-09 22:01:13",
      "lastActivity": "2025-11-09 22:06:14"
    },
    {
      "id": 4,
      "displayName": "QAC02 Tester",
      "source": "Web UI from 127.0.0.1",
      "login": "joseph.michaud.qac02@gmail.com",
      "lastLogin": "2025-11-09 22:02:03",
      "lastActivity": "2025-11-10 04:22:44"
    }
  ],
  "totalActiveUsers": 3
}

2025-11-10 04:40:35
{
  "activeUsers": [
    {
      "id": 2,
      "displayName": "Joseph Michaud",
      "source": "Web UI from 127.0.0.1",
      "login": "joseph.michaud@smartbear.com",
      "lastLogin": "2025-11-09 22:00:43",
      "lastActivity": "2025-11-09 22:05:44"
    },
    {
      "id": 3,
      "displayName": "QAC01 Tester",
      "source": "Web UI from 127.0.0.1",
      "login": "joseph.michaud.qac01@gmail.com",
      "lastLogin": "2025-11-09 22:01:13",
      "lastActivity": "2025-11-09 22:06:14"
    },
    {
      "id": 4,
      "displayName": "QAC02 Tester",
      "source": "Web UI from 127.0.0.1",
      "login": "joseph.michaud.qac02@gmail.com",
      "lastLogin": "2025-11-09 22:02:03",
      "lastActivity": "2025-11-10 04:22:44"
    }
  ],
  "totalActiveUsers": 3
}

2025-11-10 04:45:35
{
  "activeUsers": [
    {
      "id": 2,
      "displayName": "Joseph Michaud",
      "source": "Web UI from 127.0.0.1",
      "login": "joseph.michaud@smartbear.com",
      "lastLogin": "2025-11-09 22:00:43",
      "lastActivity": "2025-11-09 22:05:44"
    },
    {
      "id": 3,
      "displayName": "QAC01 Tester",
      "source": "Web UI from 127.0.0.1",
      "login": "joseph.michaud.qac01@gmail.com",
      "lastLogin": "2025-11-09 22:01:13",
      "lastActivity": "2025-11-09 22:06:14"
    },
    {
      "id": 4,
      "displayName": "QAC02 Tester",
      "source": "Web UI from 127.0.0.1",
      "login": "joseph.michaud.qac02@gmail.com",
      "lastLogin": "2025-11-09 22:02:03",
      "lastActivity": "2025-11-10 04:22:44"
    }
  ],
  "totalActiveUsers": 3
}

2025-11-10 04:50:35
{
  "activeUsers": [
    {
      "id": 2,
      "displayName": "Joseph Michaud",
      "source": "Web UI from 127.0.0.1",
      "login": "joseph.michaud@smartbear.com",
      "lastLogin": "2025-11-09 22:00:43",
      "lastActivity": "2025-11-09 22:05:44"
    },
    {
      "id": 3,
      "displayName": "QAC01 Tester",
      "source": "Web UI from 127.0.0.1",
      "login": "joseph.michaud.qac01@gmail.com",
      "lastLogin": "2025-11-09 22:01:13",
      "lastActivity": "2025-11-09 22:06:14"
    },
    {
      "id": 4,
      "displayName": "QAC02 Tester",
      "source": "Web UI from 127.0.0.1",
      "login": "joseph.michaud.qac02@gmail.com",
      "lastLogin": "2025-11-09 22:02:03",
      "lastActivity": "2025-11-10 04:47:44"
    }
  ],
  "totalActiveUsers": 3
}

2025-11-10 04:55:35
{
  "activeUsers": [
    {
      "id": 2,
      "displayName": "Joseph Michaud",
      "source": "Web UI from 127.0.0.1",
      "login": "joseph.michaud@smartbear.com",
      "lastLogin": "2025-11-09 22:00:43",
      "lastActivity": "2025-11-09 22:05:44"
    },
    {
      "id": 3,
      "displayName": "QAC01 Tester",
      "source": "Web UI from 127.0.0.1",
      "login": "joseph.michaud.qac01@gmail.com",
      "lastLogin": "2025-11-09 22:01:13",
      "lastActivity": "2025-11-09 22:06:14"
    },
    {
      "id": 4,
      "displayName": "QAC02 Tester",
      "source": "Web UI from 127.0.0.1",
      "login": "joseph.michaud.qac02@gmail.com",
      "lastLogin": "2025-11-09 22:02:03",
      "lastActivity": "2025-11-10 04:47:44"
    }
  ],
  "totalActiveUsers": 3
}

2025-11-10 05:00:35
{
  "activeUsers": [
    {
      "id": 2,
      "displayName": "Joseph Michaud",
      "source": "Web UI from 127.0.0.1",
      "login": "joseph.michaud@smartbear.com",
      "lastLogin": "2025-11-09 22:00:43",
      "lastActivity": "2025-11-09 22:05:44"
    },
    {
      "id": 3,
      "displayName": "QAC01 Tester",
      "source": "Web UI from 127.0.0.1",
      "login": "joseph.michaud.qac01@gmail.com",
      "lastLogin": "2025-11-09 22:01:13",
      "lastActivity": "2025-11-09 22:06:14"
    },
    {
      "id": 4,
      "displayName": "QAC02 Tester",
      "source": "Web UI from 127.0.0.1",
      "login": "joseph.michaud.qac02@gmail.com",
      "lastLogin": "2025-11-09 22:02:03",
      "lastActivity": "2025-11-10 04:47:44"
    }
  ],
  "totalActiveUsers": 3
}

2025-11-10 05:05:35
{
  "activeUsers": [
    {
      "id": 2,
      "displayName": "Joseph Michaud",
      "source": "Web UI from 127.0.0.1",
      "login": "joseph.michaud@smartbear.com",
      "lastLogin": "2025-11-09 22:00:43",
      "lastActivity": "2025-11-09 22:05:44"
    },
    {
      "id": 3,
      "displayName": "QAC01 Tester",
      "source": "Web UI from 127.0.0.1",
      "login": "joseph.michaud.qac01@gmail.com",
      "lastLogin": "2025-11-09 22:01:13",
      "lastActivity": "2025-11-09 22:06:14"
    },
    {
      "id": 4,
      "displayName": "QAC02 Tester",
      "source": "Web UI from 127.0.0.1",
      "login": "joseph.michaud.qac02@gmail.com",
      "lastLogin": "2025-11-09 22:02:03",
      "lastActivity": "2025-11-10 04:47:44"
    }
  ],
  "totalActiveUsers": 3
}

2025-11-10 05:10:35
{
  "activeUsers": [
    {
      "id": 2,
      "displayName": "Joseph Michaud",
      "source": "Web UI from 127.0.0.1",
      "login": "joseph.michaud@smartbear.com",
      "lastLogin": "2025-11-09 22:00:43",
      "lastActivity": "2025-11-09 22:05:44"
    },
    {
      "id": 3,
      "displayName": "QAC01 Tester",
      "source": "Web UI from 127.0.0.1",
      "login": "joseph.michaud.qac01@gmail.com",
      "lastLogin": "2025-11-09 22:01:13",
      "lastActivity": "2025-11-09 22:06:14"
    },
    {
      "id": 4,
      "displayName": "QAC02 Tester",
      "source": "Web UI from 127.0.0.1",
      "login": "joseph.michaud.qac02@gmail.com",
      "lastLogin": "2025-11-09 22:02:03",
      "lastActivity": "2025-11-10 04:47:44"
    }
  ],
  "totalActiveUsers": 3
}

2025-11-10 05:15:35
{
  "activeUsers": [
    {
      "id": 2,
      "displayName": "Joseph Michaud",
      "source": "Web UI from 127.0.0.1",
      "login": "joseph.michaud@smartbear.com",
      "lastLogin": "2025-11-09 22:00:43",
      "lastActivity": "2025-11-09 22:05:44"
    },
    {
      "id": 3,
      "displayName": "QAC01 Tester",
      "source": "Web UI from 127.0.0.1",
      "login": "joseph.michaud.qac01@gmail.com",
      "lastLogin": "2025-11-09 22:01:13",
      "lastActivity": "2025-11-09 22:06:14"
    },
    {
      "id": 4,
      "displayName": "QAC02 Tester",
      "source": "Web UI from 127.0.0.1",
      "login": "joseph.michaud.qac02@gmail.com",
      "lastLogin": "2025-11-09 22:02:03",
      "lastActivity": "2025-11-10 05:12:44"
    }
  ],
  "totalActiveUsers": 3
}

2025-11-10 05:20:35
{
  "activeUsers": [
    {
      "id": 2,
      "displayName": "Joseph Michaud",
      "source": "Web UI from 127.0.0.1",
      "login": "joseph.michaud@smartbear.com",
      "lastLogin": "2025-11-09 22:00:43",
      "lastActivity": "2025-11-09 22:05:44"
    },
    {
      "id": 3,
      "displayName": "QAC01 Tester",
      "source": "Web UI from 127.0.0.1",
      "login": "joseph.michaud.qac01@gmail.com",
      "lastLogin": "2025-11-09 22:01:13",
      "lastActivity": "2025-11-09 22:06:14"
    },
    {
      "id": 4,
      "displayName": "QAC02 Tester",
      "source": "Web UI from 127.0.0.1",
      "login": "joseph.michaud.qac02@gmail.com",
      "lastLogin": "2025-11-09 22:02:03",
      "lastActivity": "2025-11-10 05:12:44"
    }
  ],
  "totalActiveUsers": 3
}

2025-11-10 05:25:35
{
  "activeUsers": [
    {
      "id": 2,
      "displayName": "Joseph Michaud",
      "source": "Web UI from 127.0.0.1",
      "login": "joseph.michaud@smartbear.com",
      "lastLogin": "2025-11-09 22:00:43",
      "lastActivity": "2025-11-09 22:05:44"
    },
    {
      "id": 3,
      "displayName": "QAC01 Tester",
      "source": "Web UI from 127.0.0.1",
      "login": "joseph.michaud.qac01@gmail.com",
      "lastLogin": "2025-11-09 22:01:13",
      "lastActivity": "2025-11-09 22:06:14"
    },
    {
      "id": 4,
      "displayName": "QAC02 Tester",
      "source": "Web UI from 127.0.0.1",
      "login": "joseph.michaud.qac02@gmail.com",
      "lastLogin": "2025-11-09 22:02:03",
      "lastActivity": "2025-11-10 05:12:44"
    }
  ],
  "totalActiveUsers": 3
}

2025-11-10 05:30:35
{
  "activeUsers": [
    {
      "id": 2,
      "displayName": "Joseph Michaud",
      "source": "Web UI from 127.0.0.1",
      "login": "joseph.michaud@smartbear.com",
      "lastLogin": "2025-11-09 22:00:43",
      "lastActivity": "2025-11-09 22:05:44"
    },
    {
      "id": 3,
      "displayName": "QAC01 Tester",
      "source": "Web UI from 127.0.0.1",
      "login": "joseph.michaud.qac01@gmail.com",
      "lastLogin": "2025-11-09 22:01:13",
      "lastActivity": "2025-11-09 22:06:14"
    },
    {
      "id": 4,
      "displayName": "QAC02 Tester",
      "source": "Web UI from 127.0.0.1",
      "login": "joseph.michaud.qac02@gmail.com",
      "lastLogin": "2025-11-09 22:02:03",
      "lastActivity": "2025-11-10 05:12:44"
    }
  ],
  "totalActiveUsers": 3
}

2025-11-10 05:35:35
{
  "activeUsers": [
    {
      "id": 2,
      "displayName": "Joseph Michaud",
      "source": "Web UI from 127.0.0.1",
      "login": "joseph.michaud@smartbear.com",
      "lastLogin": "2025-11-09 22:00:43",
      "lastActivity": "2025-11-09 22:05:44"
    },
    {
      "id": 3,
      "displayName": "QAC01 Tester",
      "source": "Web UI from 127.0.0.1",
      "login": "joseph.michaud.qac01@gmail.com",
      "lastLogin": "2025-11-09 22:01:13",
      "lastActivity": "2025-11-09 22:06:14"
    },
    {
      "id": 4,
      "displayName": "QAC02 Tester",
      "source": "Web UI from 127.0.0.1",
      "login": "joseph.michaud.qac02@gmail.com",
      "lastLogin": "2025-11-09 22:02:03",
      "lastActivity": "2025-11-10 05:12:44"
    }
  ],
  "totalActiveUsers": 3
}

2025-11-10 05:40:35
{
  "activeUsers": [
    {
      "id": 2,
      "displayName": "Joseph Michaud",
      "source": "Web UI from 127.0.0.1",
      "login": "joseph.michaud@smartbear.com",
      "lastLogin": "2025-11-09 22:00:43",
      "lastActivity": "2025-11-09 22:05:44"
    },
    {
      "id": 3,
      "displayName": "QAC01 Tester",
      "source": "Web UI from 127.0.0.1",
      "login": "joseph.michaud.qac01@gmail.com",
      "lastLogin": "2025-11-09 22:01:13",
      "lastActivity": "2025-11-09 22:06:14"
    },
    {
      "id": 4,
      "displayName": "QAC02 Tester",
      "source": "Web UI from 127.0.0.1",
      "login": "joseph.michaud.qac02@gmail.com",
      "lastLogin": "2025-11-09 22:02:03",
      "lastActivity": "2025-11-10 05:37:44"
    }
  ],
  "totalActiveUsers": 3
}

2025-11-10 05:45:35
{
  "activeUsers": [
    {
      "id": 2,
      "displayName": "Joseph Michaud",
      "source": "Web UI from 127.0.0.1",
      "login": "joseph.michaud@smartbear.com",
      "lastLogin": "2025-11-09 22:00:43",
      "lastActivity": "2025-11-09 22:05:44"
    },
    {
      "id": 3,
      "displayName": "QAC01 Tester",
      "source": "Web UI from 127.0.0.1",
      "login": "joseph.michaud.qac01@gmail.com",
      "lastLogin": "2025-11-09 22:01:13",
      "lastActivity": "2025-11-09 22:06:14"
    },
    {
      "id": 4,
      "displayName": "QAC02 Tester",
      "source": "Web UI from 127.0.0.1",
      "login": "joseph.michaud.qac02@gmail.com",
      "lastLogin": "2025-11-09 22:02:03",
      "lastActivity": "2025-11-10 05:37:44"
    }
  ],
  "totalActiveUsers": 3
}

2025-11-10 05:50:35
{
  "activeUsers": [
    {
      "id": 2,
      "displayName": "Joseph Michaud",
      "source": "Web UI from 127.0.0.1",
      "login": "joseph.michaud@smartbear.com",
      "lastLogin": "2025-11-09 22:00:43",
      "lastActivity": "2025-11-09 22:05:44"
    },
    {
      "id": 3,
      "displayName": "QAC01 Tester",
      "source": "Web UI from 127.0.0.1",
      "login": "joseph.michaud.qac01@gmail.com",
      "lastLogin": "2025-11-09 22:01:13",
      "lastActivity": "2025-11-09 22:06:14"
    },
    {
      "id": 4,
      "displayName": "QAC02 Tester",
      "source": "Web UI from 127.0.0.1",
      "login": "joseph.michaud.qac02@gmail.com",
      "lastLogin": "2025-11-09 22:02:03",
      "lastActivity": "2025-11-10 05:37:44"
    }
  ],
  "totalActiveUsers": 3
}

2025-11-10 05:55:35
{
  "activeUsers": [
    {
      "id": 2,
      "displayName": "Joseph Michaud",
      "source": "Web UI from 127.0.0.1",
      "login": "joseph.michaud@smartbear.com",
      "lastLogin": "2025-11-09 22:00:43",
      "lastActivity": "2025-11-09 22:05:44"
    },
    {
      "id": 3,
      "displayName": "QAC01 Tester",
      "source": "Web UI from 127.0.0.1",
      "login": "joseph.michaud.qac01@gmail.com",
      "lastLogin": "2025-11-09 22:01:13",
      "lastActivity": "2025-11-09 22:06:14"
    },
    {
      "id": 4,
      "displayName": "QAC02 Tester",
      "source": "Web UI from 127.0.0.1",
      "login": "joseph.michaud.qac02@gmail.com",
      "lastLogin": "2025-11-09 22:02:03",
      "lastActivity": "2025-11-10 05:37:44"
    }
  ],
  "totalActiveUsers": 3
}

2025-11-10 06:00:35
{
  "activeUsers": [
    {
      "id": 2,
      "displayName": "Joseph Michaud",
      "source": "Web UI from 127.0.0.1",
      "login": "joseph.michaud@smartbear.com",
      "lastLogin": "2025-11-09 22:00:43",
      "lastActivity": "2025-11-09 22:05:44"
    },
    {
      "id": 3,
      "displayName": "QAC01 Tester",
      "source": "Web UI from 127.0.0.1",
      "login": "joseph.michaud.qac01@gmail.com",
      "lastLogin": "2025-11-09 22:01:13",
      "lastActivity": "2025-11-09 22:06:14"
    },
    {
      "id": 4,
      "displayName": "QAC02 Tester",
      "source": "Web UI from 127.0.0.1",
      "login": "joseph.michaud.qac02@gmail.com",
      "lastLogin": "2025-11-09 22:02:03",
      "lastActivity": "2025-11-10 05:37:44"
    }
  ],
  "totalActiveUsers": 3
}

2025-11-10 06:05:36
{
  "activeUsers": [
    {
      "id": 2,
      "displayName": "Joseph Michaud",
      "source": "Web UI from 127.0.0.1",
      "login": "joseph.michaud@smartbear.com",
      "lastLogin": "2025-11-09 22:00:43",
      "lastActivity": "2025-11-09 22:05:44"
    },
    {
      "id": 3,
      "displayName": "QAC01 Tester",
      "source": "Web UI from 127.0.0.1",
      "login": "joseph.michaud.qac01@gmail.com",
      "lastLogin": "2025-11-09 22:01:13",
      "lastActivity": "2025-11-09 22:06:14"
    },
    {
      "id": 4,
      "displayName": "QAC02 Tester",
      "source": "Web UI from 127.0.0.1",
      "login": "joseph.michaud.qac02@gmail.com",
      "lastLogin": "2025-11-09 22:02:03",
      "lastActivity": "2025-11-10 06:02:44"
    }
  ],
  "totalActiveUsers": 3
}

2025-11-10 06:10:36
{
  "activeUsers": [
    {
      "id": 2,
      "displayName": "Joseph Michaud",
      "source": "Web UI from 127.0.0.1",
      "login": "joseph.michaud@smartbear.com",
      "lastLogin": "2025-11-09 22:00:43",
      "lastActivity": "2025-11-09 22:05:44"
    },
    {
      "id": 3,
      "displayName": "QAC01 Tester",
      "source": "Web UI from 127.0.0.1",
      "login": "joseph.michaud.qac01@gmail.com",
      "lastLogin": "2025-11-09 22:01:13",
      "lastActivity": "2025-11-09 22:06:14"
    },
    {
      "id": 4,
      "displayName": "QAC02 Tester",
      "source": "Web UI from 127.0.0.1",
      "login": "joseph.michaud.qac02@gmail.com",
      "lastLogin": "2025-11-09 22:02:03",
      "lastActivity": "2025-11-10 06:02:44"
    }
  ],
  "totalActiveUsers": 3
}

2025-11-10 06:15:36
{
  "activeUsers": [
    {
      "id": 2,
      "displayName": "Joseph Michaud",
      "source": "Web UI from 127.0.0.1",
      "login": "joseph.michaud@smartbear.com",
      "lastLogin": "2025-11-09 22:00:43",
      "lastActivity": "2025-11-09 22:05:44"
    },
    {
      "id": 3,
      "displayName": "QAC01 Tester",
      "source": "Web UI from 127.0.0.1",
      "login": "joseph.michaud.qac01@gmail.com",
      "lastLogin": "2025-11-09 22:01:13",
      "lastActivity": "2025-11-09 22:06:14"
    },
    {
      "id": 4,
      "displayName": "QAC02 Tester",
      "source": "Web UI from 127.0.0.1",
      "login": "joseph.michaud.qac02@gmail.com",
      "lastLogin": "2025-11-09 22:02:03",
      "lastActivity": "2025-11-10 06:02:44"
    }
  ],
  "totalActiveUsers": 3
}

